// Jest Snapshot v1, https://goo.gl/fbAQLP

exports[`should render 404 component 1`] = `
<div>
  404 - 
  <Link
    to="/homepage"
  >
    Go home
  </Link>
</div>
`;
